12:23:20 **** Incremental Build of configuration Debug for project BlackPill_timer ****
make -j16 all 
arm-none-eabi-gcc "../Core/Src/main.c" -mcpu=cortex-m4 -std=gnu11 -g3 -DDEBUG -DUSE_HAL_DRIVER -DSTM32F401xC -c -I../Core/Inc -I../Drivers/STM32F4xx_HAL_Driver/Inc -I../Drivers/STM32F4xx_HAL_Driver/Inc/Legacy -I../Drivers/CMSIS/Device/ST/STM32F4xx/Include -I../Drivers/CMSIS/Include -O0 -ffunction-sections -fdata-sections -Wall -fstack-usage -fcyclomatic-complexity -MMD -MP -MF"Core/Src/main.d" -MT"Core/Src/main.o" --specs=nano.specs -mfpu=fpv4-sp-d16 -mfloat-abi=hard -mthumb -o "Core/Src/main.o"
arm-none-eabi-gcc -o "BlackPill_timer.elf" @"objects.list"   -mcpu=cortex-m4 -T"C:\Users\wrigh\Desktop\embeded experiments\blackPill\BlackPill_timer\STM32F401CCUX_FLASH.ld" --specs=nosys.specs -Wl,-Map="BlackPill_timer.map" -Wl,--gc-sections -static --specs=nano.specs -mfpu=fpv4-sp-d16 -mfloat-abi=hard -mthumb -Wl,--start-group -lc -lm -Wl,--end-group
Finished building target: BlackPill_timer.elf
 
arm-none-eabi-size  BlackPill_timer.elf 
arm-none-eabi-objdump -h -S BlackPill_timer.elf  > "BlackPill_timer.list"
   text	   data	    bss	    dec	    hex	filename
  16292	    104	   2048	  18444	   480c	BlackPill_timer.elf
Finished building: default.size.stdout
 
Finished building: BlackPill_timer.list
 
12:24:04 **** Incremental Build of configuration Debug for project BlackPill_timer ****
make -j16 all 
arm-none-eabi-size  BlackPill_timer.elf 
   text	   data	    bss	    dec	    hex	filename
  16292	    104	   2048	  18444	   480c	BlackPill_timer.elf
Finished building: default.size.stdout
 
12:27:42 **** Incremental Build of configuration Debug for project BlackPill_timer ****
make -j16 all 
arm-none-eabi-gcc "../Core/Src/main.c" -mcpu=cortex-m4 -std=gnu11 -g3 -DDEBUG -DUSE_HAL_DRIVER -DSTM32F401xC -c -I../Core/Inc -I../Drivers/STM32F4xx_HAL_Driver/Inc -I../Drivers/STM32F4xx_HAL_Driver/Inc/Legacy -I../Drivers/CMSIS/Device/ST/STM32F4xx/Include -I../Drivers/CMSIS/Include -O0 -ffunction-sections -fdata-sections -Wall -fstack-usage -fcyclomatic-complexity -MMD -MP -MF"Core/Src/main.d" -MT"Core/Src/main.o" --specs=nano.specs -mfpu=fpv4-sp-d16 -mfloat-abi=hard -mthumb -o "Core/Src/main.o"
arm-none-eabi-gcc -o "BlackPill_timer.elf" @"objects.list"   -mcpu=cortex-m4 -T"C:\Users\wrigh\Desktop\embeded experiments\blackPill\BlackPill_timer\STM32F401CCUX_FLASH.ld" --specs=nosys.specs -Wl,-Map="BlackPill_timer.map" -Wl,--gc-sections -static --specs=nano.specs -mfpu=fpv4-sp-d16 -mfloat-abi=hard -mthumb -Wl,--start-group -lc -lm -Wl,--end-group
Finished building target: BlackPill_timer.elf
 
arm-none-eabi-size  BlackPill_timer.elf 
arm-none-eabi-objdump -h -S BlackPill_timer.elf  > "BlackPill_timer.list"
   text	   data	    bss	    dec	    hex	filename
  16292	    104	   2048	  18444	   480c	BlackPill_timer.elf
Finished building: default.size.stdout
 
Finished building: BlackPill_timer.list
 
12:31:46 **** Incremental Build of configuration Debug for project BlackPill_timer ****
make -j16 all 
arm-none-eabi-gcc "../Core/Src/main.c" -mcpu=cortex-m4 -std=gnu11 -g3 -DDEBUG -DUSE_HAL_DRIVER -DSTM32F401xC -c -I../Core/Inc -I../Drivers/STM32F4xx_HAL_Driver/Inc -I../Drivers/STM32F4xx_HAL_Driver/Inc/Legacy -I../Drivers/CMSIS/Device/ST/STM32F4xx/Include -I../Drivers/CMSIS/Include -O0 -ffunction-sections -fdata-sections -Wall -fstack-usage -fcyclomatic-complexity -MMD -MP -MF"Core/Src/main.d" -MT"Core/Src/main.o" --specs=nano.specs -mfpu=fpv4-sp-d16 -mfloat-abi=hard -mthumb -o "Core/Src/main.o"
arm-none-eabi-gcc -o "BlackPill_timer.elf" @"objects.list"   -mcpu=cortex-m4 -T"C:\Users\wrigh\Desktop\embeded experiments\blackPill\BlackPill_timer\STM32F401CCUX_FLASH.ld" --specs=nosys.specs -Wl,-Map="BlackPill_timer.map" -Wl,--gc-sections -static --specs=nano.specs -mfpu=fpv4-sp-d16 -mfloat-abi=hard -mthumb -Wl,--start-group -lc -lm -Wl,--end-group
Finished building target: BlackPill_timer.elf
 
arm-none-eabi-size  BlackPill_timer.elf 
arm-none-eabi-objdump -h -S BlackPill_timer.elf  > "BlackPill_timer.list"
   text	   data	    bss	    dec	    hex	filename
  16292	    104	   2048	  18444	   480c	BlackPill_timer.elf
Finished building: default.size.stdout
 
Finished building: BlackPill_timer.list
 
12:38:14 **** Incremental Build of configuration Debug for project BlackPill_timer ****
make -j16 all 
arm-none-eabi-gcc -o "BlackPill_timer.elf" @"objects.list"   -mcpu=cortex-m4 -T"C:\Users\wrigh\Desktop\embeded experiments\blackPill\BlackPill_timer\STM32F401CCUX_FLASH.ld" --specs=nosys.specs -Wl,-Map="BlackPill_timer.map" -Wl,--gc-sections -static --specs=nano.specs -mfpu=fpv4-sp-d16 -mfloat-abi=hard -mthumb -Wl,--start-group -lc -lm -Wl,--end-group
Finished building target: BlackPill_timer.elf
 
arm-none-eabi-size  BlackPill_timer.elf 
arm-none-eabi-objdump -h -S BlackPill_timer.elf  > "BlackPill_timer.list"
   text	   data	    bss	    dec	    hex	filename
  16292	    104	   2048	  18444	   480c	BlackPill_timer.elf
Finished building: default.size.stdout
 
Finished building: BlackPill_timer.list
 
12:39:30 **** Incremental Build of configuration Debug for project BlackPill_timer ****
make -j16 all 
arm-none-eabi-gcc -o "BlackPill_timer.elf" @"objects.list"   -mcpu=cortex-m4 -T"C:\Users\wrigh\Desktop\embeded experiments\blackPill\BlackPill_timer\STM32F401CCUX_FLASH.ld" --specs=nosys.specs -Wl,-Map="BlackPill_timer.map" -Wl,--gc-sections -static --specs=nano.specs -mfpu=fpv4-sp-d16 -mfloat-abi=hard -mthumb -Wl,--start-group -lc -lm -Wl,--end-group
Finished building target: BlackPill_timer.elf
 
arm-none-eabi-size  BlackPill_timer.elf 
arm-none-eabi-objdump -h -S BlackPill_timer.elf  > "BlackPill_timer.list"
   text	   data	    bss	    dec	    hex	filename
  16292	    104	   2048	  18444	   480c	BlackPill_timer.elf
Finished building: default.size.stdout
 
Finished building: BlackPill_timer.list
 
12:40:54 **** Incremental Build of configuration Debug for project BlackPill_timer ****
make -j16 all 
arm-none-eabi-gcc "../Core/Src/main.c" -mcpu=cortex-m4 -std=gnu11 -g3 -DDEBUG -DUSE_HAL_DRIVER -DSTM32F401xC -c -I../Core/Inc -I../Drivers/STM32F4xx_HAL_Driver/Inc -I../Drivers/STM32F4xx_HAL_Driver/Inc/Legacy -I../Drivers/CMSIS/Device/ST/STM32F4xx/Include -I../Drivers/CMSIS/Include -O0 -ffunction-sections -fdata-sections -Wall -fstack-usage -fcyclomatic-complexity -MMD -MP -MF"Core/Src/main.d" -MT"Core/Src/main.o" --specs=nano.specs -mfpu=fpv4-sp-d16 -mfloat-abi=hard -mthumb -o "Core/Src/main.o"
arm-none-eabi-gcc -o "BlackPill_timer.elf" @"objects.list"   -mcpu=cortex-m4 -T"C:\Users\wrigh\Desktop\embeded experiments\blackPill\BlackPill_timer\STM32F401CCUX_FLASH.ld" --specs=nosys.specs -Wl,-Map="BlackPill_timer.map" -Wl,--gc-sections -static --specs=nano.specs -mfpu=fpv4-sp-d16 -mfloat-abi=hard -mthumb -Wl,--start-group -lc -lm -Wl,--end-group
Finished building target: BlackPill_timer.elf
 
arm-none-eabi-size  BlackPill_timer.elf 
arm-none-eabi-objdump -h -S BlackPill_timer.elf  > "BlackPill_timer.list"
   text	   data	    bss	    dec	    hex	filename
  16292	    104	   2048	  18444	   480c	BlackPill_timer.elf
Finished building: default.size.stdout
 
Finished building: BlackPill_timer.list
 
12:41:31 **** Incremental Build of configuration Debug for project BlackPill_timer ****
make -j16 all 
arm-none-eabi-gcc "../Core/Src/main.c" -mcpu=cortex-m4 -std=gnu11 -g3 -DDEBUG -DUSE_HAL_DRIVER -DSTM32F401xC -c -I../Core/Inc -I../Drivers/STM32F4xx_HAL_Driver/Inc -I../Drivers/STM32F4xx_HAL_Driver/Inc/Legacy -I../Drivers/CMSIS/Device/ST/STM32F4xx/Include -I../Drivers/CMSIS/Include -O0 -ffunction-sections -fdata-sections -Wall -fstack-usage -fcyclomatic-complexity -MMD -MP -MF"Core/Src/main.d" -MT"Core/Src/main.o" --specs=nano.specs -mfpu=fpv4-sp-d16 -mfloat-abi=hard -mthumb -o "Core/Src/main.o"
arm-none-eabi-gcc -o "BlackPill_timer.elf" @"objects.list"   -mcpu=cortex-m4 -T"C:\Users\wrigh\Desktop\embeded experiments\blackPill\BlackPill_timer\STM32F401CCUX_FLASH.ld" --specs=nosys.specs -Wl,-Map="BlackPill_timer.map" -Wl,--gc-sections -static --specs=nano.specs -mfpu=fpv4-sp-d16 -mfloat-abi=hard -mthumb -Wl,--start-group -lc -lm -Wl,--end-group
Finished building target: BlackPill_timer.elf
 
arm-none-eabi-size  BlackPill_timer.elf 
arm-none-eabi-objdump -h -S BlackPill_timer.elf  > "BlackPill_timer.list"
   text	   data	    bss	    dec	    hex	filename
  16292	    104	   2048	  18444	   480c	BlackPill_timer.elf
Finished building: default.size.stdout
 
Finished building: BlackPill_timer.list
 
12:41:54 **** Incremental Build of configuration Debug for project BlackPill_timer ****
make -j16 all 
arm-none-eabi-gcc "../Core/Src/main.c" -mcpu=cortex-m4 -std=gnu11 -g3 -DDEBUG -DUSE_HAL_DRIVER -DSTM32F401xC -c -I../Core/Inc -I../Drivers/STM32F4xx_HAL_Driver/Inc -I../Drivers/STM32F4xx_HAL_Driver/Inc/Legacy -I../Drivers/CMSIS/Device/ST/STM32F4xx/Include -I../Drivers/CMSIS/Include -O0 -ffunction-sections -fdata-sections -Wall -fstack-usage -fcyclomatic-complexity -MMD -MP -MF"Core/Src/main.d" -MT"Core/Src/main.o" --specs=nano.specs -mfpu=fpv4-sp-d16 -mfloat-abi=hard -mthumb -o "Core/Src/main.o"
arm-none-eabi-gcc -o "BlackPill_timer.elf" @"objects.list"   -mcpu=cortex-m4 -T"C:\Users\wrigh\Desktop\embeded experiments\blackPill\BlackPill_timer\STM32F401CCUX_FLASH.ld" --specs=nosys.specs -Wl,-Map="BlackPill_timer.map" -Wl,--gc-sections -static --specs=nano.specs -mfpu=fpv4-sp-d16 -mfloat-abi=hard -mthumb -Wl,--start-group -lc -lm -Wl,--end-group
Finished building target: BlackPill_timer.elf
 
arm-none-eabi-size  BlackPill_timer.elf 
arm-none-eabi-objdump -h -S BlackPill_timer.elf  > "BlackPill_timer.list"
   text	   data	    bss	    dec	    hex	filename
  16292	    104	   2048	  18444	   480c	BlackPill_timer.elf
Finished building: default.size.stdout
 
Finished building: BlackPill_timer.list
 
12:47:08 **** Incremental Build of configuration Debug for project BlackPill_timer ****
make -j16 all 
arm-none-eabi-gcc "../Core/Src/main.c" -mcpu=cortex-m4 -std=gnu11 -g3 -DDEBUG -DUSE_HAL_DRIVER -DSTM32F401xC -c -I../Core/Inc -I../Drivers/STM32F4xx_HAL_Driver/Inc -I../Drivers/STM32F4xx_HAL_Driver/Inc/Legacy -I../Drivers/CMSIS/Device/ST/STM32F4xx/Include -I../Drivers/CMSIS/Include -O0 -ffunction-sections -fdata-sections -Wall -fstack-usage -fcyclomatic-complexity -MMD -MP -MF"Core/Src/main.d" -MT"Core/Src/main.o" --specs=nano.specs -mfpu=fpv4-sp-d16 -mfloat-abi=hard -mthumb -o "Core/Src/main.o"
arm-none-eabi-gcc -o "BlackPill_timer.elf" @"objects.list"   -mcpu=cortex-m4 -T"C:\Users\wrigh\Desktop\embeded experiments\blackPill\BlackPill_timer\STM32F401CCUX_FLASH.ld" --specs=nosys.specs -Wl,-Map="BlackPill_timer.map" -Wl,--gc-sections -static --specs=nano.specs -mfpu=fpv4-sp-d16 -mfloat-abi=hard -mthumb -Wl,--start-group -lc -lm -Wl,--end-group
Finished building target: BlackPill_timer.elf
 
arm-none-eabi-size  BlackPill_timer.elf 
arm-none-eabi-objdump -h -S BlackPill_timer.elf  > "BlackPill_timer.list"
   text	   data	    bss	    dec	    hex	filename
  16292	    104	   2048	  18444	   480c	BlackPill_timer.elf
Finished building: default.size.stdout
 
Finished building: BlackPill_timer.list
 
12:47:27 **** Incremental Build of configuration Debug for project BlackPill_timer ****
make -j16 all 
arm-none-eabi-gcc "../Core/Src/main.c" -mcpu=cortex-m4 -std=gnu11 -g3 -DDEBUG -DUSE_HAL_DRIVER -DSTM32F401xC -c -I../Core/Inc -I../Drivers/STM32F4xx_HAL_Driver/Inc -I../Drivers/STM32F4xx_HAL_Driver/Inc/Legacy -I../Drivers/CMSIS/Device/ST/STM32F4xx/Include -I../Drivers/CMSIS/Include -O0 -ffunction-sections -fdata-sections -Wall -fstack-usage -fcyclomatic-complexity -MMD -MP -MF"Core/Src/main.d" -MT"Core/Src/main.o" --specs=nano.specs -mfpu=fpv4-sp-d16 -mfloat-abi=hard -mthumb -o "Core/Src/main.o"
arm-none-eabi-gcc -o "BlackPill_timer.elf" @"objects.list"   -mcpu=cortex-m4 -T"C:\Users\wrigh\Desktop\embeded experiments\blackPill\BlackPill_timer\STM32F401CCUX_FLASH.ld" --specs=nosys.specs -Wl,-Map="BlackPill_timer.map" -Wl,--gc-sections -static --specs=nano.specs -mfpu=fpv4-sp-d16 -mfloat-abi=hard -mthumb -Wl,--start-group -lc -lm -Wl,--end-group
Finished building target: BlackPill_timer.elf
 
arm-none-eabi-size  BlackPill_timer.elf 
arm-none-eabi-objdump -h -S BlackPill_timer.elf  > "BlackPill_timer.list"
   text	   data	    bss	    dec	    hex	filename
  16288	    104	   2048	  18440	   4808	BlackPill_timer.elf
Finished building: default.size.stdout
 
Finished building: BlackPill_timer.list
 
12:48:02 **** Incremental Build of configuration Debug for project BlackPill_timer ****
make -j16 all 
arm-none-eabi-gcc "../Core/Src/main.c" -mcpu=cortex-m4 -std=gnu11 -g3 -DDEBUG -DUSE_HAL_DRIVER -DSTM32F401xC -c -I../Core/Inc -I../Drivers/STM32F4xx_HAL_Driver/Inc -I../Drivers/STM32F4xx_HAL_Driver/Inc/Legacy -I../Drivers/CMSIS/Device/ST/STM32F4xx/Include -I../Drivers/CMSIS/Include -O0 -ffunction-sections -fdata-sections -Wall -fstack-usage -fcyclomatic-complexity -MMD -MP -MF"Core/Src/main.d" -MT"Core/Src/main.o" --specs=nano.specs -mfpu=fpv4-sp-d16 -mfloat-abi=hard -mthumb -o "Core/Src/main.o"
arm-none-eabi-gcc -o "BlackPill_timer.elf" @"objects.list"   -mcpu=cortex-m4 -T"C:\Users\wrigh\Desktop\embeded experiments\blackPill\BlackPill_timer\STM32F401CCUX_FLASH.ld" --specs=nosys.specs -Wl,-Map="BlackPill_timer.map" -Wl,--gc-sections -static --specs=nano.specs -mfpu=fpv4-sp-d16 -mfloat-abi=hard -mthumb -Wl,--start-group -lc -lm -Wl,--end-group
Finished building target: BlackPill_timer.elf
 
arm-none-eabi-size  BlackPill_timer.elf 
arm-none-eabi-objdump -h -S BlackPill_timer.elf  > "BlackPill_timer.list"
   text	   data	    bss	    dec	    hex	filename
  16288	    104	   2048	  18440	   4808	BlackPill_timer.elf
Finished building: default.size.stdout
 
Finished building: BlackPill_timer.list
 
12:56:17 **** Incremental Build of configuration Debug for project BlackPill_timer ****
make -j16 all 
arm-none-eabi-gcc "../Core/Src/main.c" -mcpu=cortex-m4 -std=gnu11 -g3 -DDEBUG -DUSE_HAL_DRIVER -DSTM32F401xC -c -I../Core/Inc -I../Drivers/STM32F4xx_HAL_Driver/Inc -I../Drivers/STM32F4xx_HAL_Driver/Inc/Legacy -I../Drivers/CMSIS/Device/ST/STM32F4xx/Include -I../Drivers/CMSIS/Include -O0 -ffunction-sections -fdata-sections -Wall -fstack-usage -fcyclomatic-complexity -MMD -MP -MF"Core/Src/main.d" -MT"Core/Src/main.o" --specs=nano.specs -mfpu=fpv4-sp-d16 -mfloat-abi=hard -mthumb -o "Core/Src/main.o"
arm-none-eabi-gcc "../Core/Src/stm32f4xx_hal_msp.c" -mcpu=cortex-m4 -std=gnu11 -g3 -DDEBUG -DUSE_HAL_DRIVER -DSTM32F401xC -c -I../Core/Inc -I../Drivers/STM32F4xx_HAL_Driver/Inc -I../Drivers/STM32F4xx_HAL_Driver/Inc/Legacy -I../Drivers/CMSIS/Device/ST/STM32F4xx/Include -I../Drivers/CMSIS/Include -O0 -ffunction-sections -fdata-sections -Wall -fstack-usage -fcyclomatic-complexity -MMD -MP -MF"Core/Src/stm32f4xx_hal_msp.d" -MT"Core/Src/stm32f4xx_hal_msp.o" --specs=nano.specs -mfpu=fpv4-sp-d16 -mfloat-abi=hard -mthumb -o "Core/Src/stm32f4xx_hal_msp.o"
arm-none-eabi-gcc -o "BlackPill_timer.elf" @"objects.list"   -mcpu=cortex-m4 -T"C:\Users\wrigh\Desktop\embeded experiments\blackPill\BlackPill_timer\STM32F401CCUX_FLASH.ld" --specs=nosys.specs -Wl,-Map="BlackPill_timer.map" -Wl,--gc-sections -static --specs=nano.specs -mfpu=fpv4-sp-d16 -mfloat-abi=hard -mthumb -Wl,--start-group -lc -lm -Wl,--end-group
Finished building target: BlackPill_timer.elf
 
arm-none-eabi-size  BlackPill_timer.elf 
arm-none-eabi-objdump -h -S BlackPill_timer.elf  > "BlackPill_timer.list"
   text	   data	    bss	    dec	    hex	filename
  17600	    104	   2264	  19968	   4e00	BlackPill_timer.elf
Finished building: default.size.stdout
 
Finished building: BlackPill_timer.list
 
12:58:12 **** Incremental Build of configuration Debug for project BlackPill_timer ****
make -j16 all 
arm-none-eabi-gcc "../Core/Src/main.c" -mcpu=cortex-m4 -std=gnu11 -g3 -DDEBUG -DUSE_HAL_DRIVER -DSTM32F401xC -c -I../Core/Inc -I../Drivers/STM32F4xx_HAL_Driver/Inc -I../Drivers/STM32F4xx_HAL_Driver/Inc/Legacy -I../Drivers/CMSIS/Device/ST/STM32F4xx/Include -I../Drivers/CMSIS/Include -O0 -ffunction-sections -fdata-sections -Wall -fstack-usage -fcyclomatic-complexity -MMD -MP -MF"Core/Src/main.d" -MT"Core/Src/main.o" --specs=nano.specs -mfpu=fpv4-sp-d16 -mfloat-abi=hard -mthumb -o "Core/Src/main.o"
arm-none-eabi-gcc -o "BlackPill_timer.elf" @"objects.list"   -mcpu=cortex-m4 -T"C:\Users\wrigh\Desktop\embeded experiments\blackPill\BlackPill_timer\STM32F401CCUX_FLASH.ld" --specs=nosys.specs -Wl,-Map="BlackPill_timer.map" -Wl,--gc-sections -static --specs=nano.specs -mfpu=fpv4-sp-d16 -mfloat-abi=hard -mthumb -Wl,--start-group -lc -lm -Wl,--end-group
Finished building target: BlackPill_timer.elf
 
arm-none-eabi-size  BlackPill_timer.elf 
arm-none-eabi-objdump -h -S BlackPill_timer.elf  > "BlackPill_timer.list"
   text	   data	    bss	    dec	    hex	filename
  17604	    104	   2264	  19972	   4e04	BlackPill_timer.elf
Finished building: default.size.stdout
 
Finished building: BlackPill_timer.list
 
