19:10:54 **** Incremental Build of configuration Debug for project BlackPill_blink ****
make -j16 all 
arm-none-eabi-gcc "../Core/Src/main.c" -mcpu=cortex-m4 -std=gnu11 -g3 -DDEBUG -DUSE_HAL_DRIVER -DSTM32F401xC -c -I../Core/Inc -I../Drivers/STM32F4xx_HAL_Driver/Inc -I../Drivers/STM32F4xx_HAL_Driver/Inc/Legacy -I../Drivers/CMSIS/Device/ST/STM32F4xx/Include -I../Drivers/CMSIS/Include -O0 -ffunction-sections -fdata-sections -Wall -fstack-usage -fcyclomatic-complexity -MMD -MP -MF"Core/Src/main.d" -MT"Core/Src/main.o" --specs=nano.specs -mfpu=fpv4-sp-d16 -mfloat-abi=hard -mthumb -o "Core/Src/main.o"
arm-none-eabi-gcc -o "BlackPill_blink.elf" @"objects.list"   -mcpu=cortex-m4 -T"C:\Users\wrigh\Desktop\embeded experiments\day one led\BlackPill_blink\STM32F401CCUX_FLASH.ld" --specs=nosys.specs -Wl,-Map="BlackPill_blink.map" -Wl,--gc-sections -static --specs=nano.specs -mfpu=fpv4-sp-d16 -mfloat-abi=hard -mthumb -Wl,--start-group -lc -lm -Wl,--end-group
Finished building target: BlackPill_blink.elf
 
arm-none-eabi-size  BlackPill_blink.elf 
arm-none-eabi-objdump -h -S BlackPill_blink.elf  > "BlackPill_blink.list"
   text	   data	    bss	    dec	    hex	filename
   7680	     12	   1644	   9336	   2478	BlackPill_blink.elf
Finished building: default.size.stdout
 
Finished building: BlackPill_blink.list
 

19:10:55 Build Finished. 0 errors, 0 warnings. (took 722ms)

