../Core/Src/main.c:69:5:_write	32	static
../Core/Src/main.c:88:5:main	24	static
../Core/Src/main.c:156:6:SystemClock_Config	88	static
../Core/Src/main.c:202:13:MX_TIM1_Init	96	static
../Core/Src/main.c:277:13:MX_TIM2_Init	64	static
../Core/Src/main.c:336:13:MX_TIM3_Init	48	static
../Core/Src/main.c:385:13:MX_TIM4_Init	64	static
../Core/Src/main.c:444:13:MX_USART1_UART_Init	8	static
../Core/Src/main.c:477:13:MX_GPIO_Init	48	static
../Core/Src/main.c:519:6:Error_Handler	4	static,ignoring_inline_asm
